{"timestamp": "2026-03-18T04:56:55.765176+00:00", "level": "INFO", "action": "authorization_bypass", "target": "anything.com", "details": {"action": "scan", "reason": "authorization_disabled"}}
{"timestamp": "2026-03-18T04:56:55.790673+00:00", "level": "INFO", "action": "authorization_granted", "target": "example.com", "details": {"action": "scan"}}
{"timestamp": "2026-03-18T04:56:55.802566+00:00", "level": "INFO", "action": "authorization_granted", "target": "sub.example.com", "details": {"action": "scan"}}
{"timestamp": "2026-03-18T04:56:55.813587+00:00", "level": "ERROR", "action": "authorization_denied", "target": "internal.example.com", "details": {"action": "scan"}}
{"timestamp": "2026-03-18T04:56:55.823202+00:00", "level": "ERROR", "action": "authorization_denied", "target": "evil.com", "details": {"action": "scan"}}
{"timestamp": "2026-03-18T04:56:55.881797+00:00", "level": "INFO", "action": "authorization_bypass", "target": "example.com", "details": {"action": "vulnerability_scan", "reason": "authorization_disabled"}}
{"timestamp": "2026-03-18T04:56:55.882524+00:00", "level": "INFO", "action": "scan_start", "target": "example.com", "details": {"scan_type": "vuln_scan"}}
{"timestamp": "2026-03-18T04:56:55.886159+00:00", "level": "INFO", "action": "scan_end", "target": "example.com", "details": {"scan_type": "vuln_scan", "findings": 0}}
{"timestamp": "2026-03-18T04:56:55.903121+00:00", "level": "INFO", "action": "authorization_bypass", "target": "example.com", "details": {"action": "vulnerability_scan", "reason": "authorization_disabled"}}
{"timestamp": "2026-03-18T04:56:55.903561+00:00", "level": "INFO", "action": "scan_start", "target": "example.com", "details": {"scan_type": "vuln_scan"}}
{"timestamp": "2026-03-18T04:56:55.905538+00:00", "level": "INFO", "action": "scan_end", "target": "example.com", "details": {"scan_type": "vuln_scan", "findings": 0}}
{"timestamp": "2026-03-18T04:56:55.948144+00:00", "level": "INFO", "action": "authorization_bypass", "target": "example.com", "details": {"action": "vulnerability_scan", "reason": "authorization_disabled"}}
{"timestamp": "2026-03-18T04:56:55.948574+00:00", "level": "INFO", "action": "scan_start", "target": "example.com", "details": {"scan_type": "vuln_scan"}}
{"timestamp": "2026-03-18T04:56:55.953275+00:00", "level": "INFO", "action": "scan_end", "target": "example.com", "details": {"scan_type": "vuln_scan", "findings": 0}}
{"timestamp": "2026-03-18T04:57:35.581811+00:00", "level": "INFO", "action": "authorization_bypass", "target": "anything.com", "details": {"action": "scan", "reason": "authorization_disabled"}}
{"timestamp": "2026-03-18T04:57:35.593959+00:00", "level": "INFO", "action": "authorization_granted", "target": "example.com", "details": {"action": "scan"}}
{"timestamp": "2026-03-18T04:57:35.605309+00:00", "level": "INFO", "action": "authorization_granted", "target": "sub.example.com", "details": {"action": "scan"}}
{"timestamp": "2026-03-18T04:57:35.616093+00:00", "level": "ERROR", "action": "authorization_denied", "target": "internal.example.com", "details": {"action": "scan"}}
{"timestamp": "2026-03-18T04:57:35.625085+00:00", "level": "ERROR", "action": "authorization_denied", "target": "evil.com", "details": {"action": "scan"}}
{"timestamp": "2026-03-18T04:57:35.684883+00:00", "level": "INFO", "action": "authorization_bypass", "target": "example.com", "details": {"action": "vulnerability_scan", "reason": "authorization_disabled"}}
{"timestamp": "2026-03-18T04:57:35.685362+00:00", "level": "INFO", "action": "scan_start", "target": "example.com", "details": {"scan_type": "vuln_scan"}}
{"timestamp": "2026-03-18T04:57:35.689184+00:00", "level": "INFO", "action": "scan_end", "target": "example.com", "details": {"scan_type": "vuln_scan", "findings": 0}}
{"timestamp": "2026-03-18T04:57:35.705614+00:00", "level": "INFO", "action": "authorization_bypass", "target": "example.com", "details": {"action": "vulnerability_scan", "reason": "authorization_disabled"}}
{"timestamp": "2026-03-18T04:57:35.705960+00:00", "level": "INFO", "action": "scan_start", "target": "example.com", "details": {"scan_type": "vuln_scan"}}
{"timestamp": "2026-03-18T04:57:35.707843+00:00", "level": "INFO", "action": "scan_end", "target": "example.com", "details": {"scan_type": "vuln_scan", "findings": 0}}
{"timestamp": "2026-03-18T04:57:35.747662+00:00", "level": "INFO", "action": "authorization_bypass", "target": "example.com", "details": {"action": "vulnerability_scan", "reason": "authorization_disabled"}}
{"timestamp": "2026-03-18T04:57:35.748058+00:00", "level": "INFO", "action": "scan_start", "target": "example.com", "details": {"scan_type": "vuln_scan"}}
{"timestamp": "2026-03-18T04:57:35.753268+00:00", "level": "INFO", "action": "scan_end", "target": "example.com", "details": {"scan_type": "vuln_scan", "findings": 0}}
{"timestamp": "2026-03-18T04:57:46.059887+00:00", "level": "INFO", "action": "authorization_bypass", "target": "anything.com", "details": {"action": "scan", "reason": "authorization_disabled"}}
{"timestamp": "2026-03-18T04:57:46.072994+00:00", "level": "INFO", "action": "authorization_granted", "target": "example.com", "details": {"action": "scan"}}
{"timestamp": "2026-03-18T04:57:46.084351+00:00", "level": "INFO", "action": "authorization_granted", "target": "sub.example.com", "details": {"action": "scan"}}
{"timestamp": "2026-03-18T04:57:46.094390+00:00", "level": "ERROR", "action": "authorization_denied", "target": "internal.example.com", "details": {"action": "scan"}}
{"timestamp": "2026-03-18T04:57:46.103421+00:00", "level": "ERROR", "action": "authorization_denied", "target": "evil.com", "details": {"action": "scan"}}
{"timestamp": "2026-03-18T04:57:46.157509+00:00", "level": "INFO", "action": "authorization_bypass", "target": "example.com", "details": {"action": "vulnerability_scan", "reason": "authorization_disabled"}}
{"timestamp": "2026-03-18T04:57:46.157981+00:00", "level": "INFO", "action": "scan_start", "target": "example.com", "details": {"scan_type": "vuln_scan"}}
{"timestamp": "2026-03-18T04:57:46.161611+00:00", "level": "INFO", "action": "scan_end", "target": "example.com", "details": {"scan_type": "vuln_scan", "findings": 0}}
{"timestamp": "2026-03-18T04:57:46.179156+00:00", "level": "INFO", "action": "authorization_bypass", "target": "example.com", "details": {"action": "vulnerability_scan", "reason": "authorization_disabled"}}
{"timestamp": "2026-03-18T04:57:46.179516+00:00", "level": "INFO", "action": "scan_start", "target": "example.com", "details": {"scan_type": "vuln_scan"}}
{"timestamp": "2026-03-18T04:57:46.181499+00:00", "level": "INFO", "action": "scan_end", "target": "example.com", "details": {"scan_type": "vuln_scan", "findings": 0}}
{"timestamp": "2026-03-18T04:57:46.220468+00:00", "level": "INFO", "action": "authorization_bypass", "target": "example.com", "details": {"action": "vulnerability_scan", "reason": "authorization_disabled"}}
{"timestamp": "2026-03-18T04:57:46.220829+00:00", "level": "INFO", "action": "scan_start", "target": "example.com", "details": {"scan_type": "vuln_scan"}}
{"timestamp": "2026-03-18T04:57:46.225349+00:00", "level": "INFO", "action": "scan_end", "target": "example.com", "details": {"scan_type": "vuln_scan", "findings": 0}}
{"timestamp": "2026-03-18T04:58:30.515177+00:00", "level": "INFO", "action": "authorization_bypass", "target": "anything.com", "details": {"action": "scan", "reason": "authorization_disabled"}}
{"timestamp": "2026-03-18T04:58:30.530340+00:00", "level": "INFO", "action": "authorization_granted", "target": "example.com", "details": {"action": "scan"}}
{"timestamp": "2026-03-18T04:58:30.541996+00:00", "level": "INFO", "action": "authorization_granted", "target": "sub.example.com", "details": {"action": "scan"}}
{"timestamp": "2026-03-18T04:58:30.552766+00:00", "level": "ERROR", "action": "authorization_denied", "target": "internal.example.com", "details": {"action": "scan"}}
{"timestamp": "2026-03-18T04:58:30.561325+00:00", "level": "ERROR", "action": "authorization_denied", "target": "evil.com", "details": {"action": "scan"}}
{"timestamp": "2026-03-18T04:58:30.616484+00:00", "level": "INFO", "action": "authorization_bypass", "target": "example.com", "details": {"action": "vulnerability_scan", "reason": "authorization_disabled"}}
{"timestamp": "2026-03-18T04:58:30.617534+00:00", "level": "INFO", "action": "scan_start", "target": "example.com", "details": {"scan_type": "vuln_scan"}}
{"timestamp": "2026-03-18T04:58:30.621334+00:00", "level": "INFO", "action": "scan_end", "target": "example.com", "details": {"scan_type": "vuln_scan", "findings": 0}}
{"timestamp": "2026-03-18T04:58:30.637885+00:00", "level": "INFO", "action": "authorization_bypass", "target": "example.com", "details": {"action": "vulnerability_scan", "reason": "authorization_disabled"}}
{"timestamp": "2026-03-18T04:58:30.638242+00:00", "level": "INFO", "action": "scan_start", "target": "example.com", "details": {"scan_type": "vuln_scan"}}
{"timestamp": "2026-03-18T04:58:30.640036+00:00", "level": "INFO", "action": "scan_end", "target": "example.com", "details": {"scan_type": "vuln_scan", "findings": 0}}
{"timestamp": "2026-03-18T04:58:30.678842+00:00", "level": "INFO", "action": "authorization_bypass", "target": "example.com", "details": {"action": "vulnerability_scan", "reason": "authorization_disabled"}}
{"timestamp": "2026-03-18T04:58:30.679203+00:00", "level": "INFO", "action": "scan_start", "target": "example.com", "details": {"scan_type": "vuln_scan"}}
{"timestamp": "2026-03-18T04:58:30.683972+00:00", "level": "INFO", "action": "scan_end", "target": "example.com", "details": {"scan_type": "vuln_scan", "findings": 0}}
{"timestamp": "2026-03-18T05:04:10.079532+00:00", "level": "INFO", "action": "http_request", "target": "https://example.com/timeout", "details": {"method": "GET", "status_code": 0}}
{"timestamp": "2026-03-18T05:04:31.212467+00:00", "level": "INFO", "action": "http_request", "target": "https://example.com/timeout", "details": {"method": "GET", "status_code": 0}}
{"timestamp": "2026-03-18T05:04:41.633561+00:00", "level": "INFO", "action": "authorization_bypass", "target": "anything.com", "details": {"action": "scan", "reason": "authorization_disabled"}}
{"timestamp": "2026-03-18T05:04:41.647457+00:00", "level": "INFO", "action": "authorization_granted", "target": "example.com", "details": {"action": "scan"}}
{"timestamp": "2026-03-18T05:04:41.659583+00:00", "level": "INFO", "action": "authorization_granted", "target": "sub.example.com", "details": {"action": "scan"}}
{"timestamp": "2026-03-18T05:04:41.669696+00:00", "level": "ERROR", "action": "authorization_denied", "target": "internal.example.com", "details": {"action": "scan"}}
{"timestamp": "2026-03-18T05:04:41.679363+00:00", "level": "ERROR", "action": "authorization_denied", "target": "evil.com", "details": {"action": "scan"}}
{"timestamp": "2026-03-18T05:04:41.734277+00:00", "level": "INFO", "action": "authorization_bypass", "target": "example.com", "details": {"action": "vulnerability_scan", "reason": "authorization_disabled"}}
{"timestamp": "2026-03-18T05:04:41.734639+00:00", "level": "INFO", "action": "scan_start", "target": "example.com", "details": {"scan_type": "vuln_scan"}}
{"timestamp": "2026-03-18T05:04:41.738173+00:00", "level": "INFO", "action": "scan_end", "target": "example.com", "details": {"scan_type": "vuln_scan", "findings": 0}}
{"timestamp": "2026-03-18T05:04:41.754143+00:00", "level": "INFO", "action": "authorization_bypass", "target": "example.com", "details": {"action": "vulnerability_scan", "reason": "authorization_disabled"}}
{"timestamp": "2026-03-18T05:04:41.754508+00:00", "level": "INFO", "action": "scan_start", "target": "example.com", "details": {"scan_type": "vuln_scan"}}
{"timestamp": "2026-03-18T05:04:41.756345+00:00", "level": "INFO", "action": "scan_end", "target": "example.com", "details": {"scan_type": "vuln_scan", "findings": 0}}
{"timestamp": "2026-03-18T05:04:41.795240+00:00", "level": "INFO", "action": "authorization_bypass", "target": "example.com", "details": {"action": "vulnerability_scan", "reason": "authorization_disabled"}}
{"timestamp": "2026-03-18T05:04:41.795569+00:00", "level": "INFO", "action": "scan_start", "target": "example.com", "details": {"scan_type": "vuln_scan"}}
{"timestamp": "2026-03-18T05:04:41.800156+00:00", "level": "INFO", "action": "scan_end", "target": "example.com", "details": {"scan_type": "vuln_scan", "findings": 0}}
{"timestamp": "2026-03-18T05:04:42.422736+00:00", "level": "INFO", "action": "http_request", "target": "https://example.com/timeout", "details": {"method": "GET", "status_code": 0}}
{"timestamp": "2026-03-18T05:05:03.873920+00:00", "level": "INFO", "action": "authorization_bypass", "target": "anything.com", "details": {"action": "scan", "reason": "authorization_disabled"}}
{"timestamp": "2026-03-18T05:05:03.886589+00:00", "level": "INFO", "action": "authorization_granted", "target": "example.com", "details": {"action": "scan"}}
{"timestamp": "2026-03-18T05:05:03.898642+00:00", "level": "INFO", "action": "authorization_granted", "target": "sub.example.com", "details": {"action": "scan"}}
{"timestamp": "2026-03-18T05:05:03.909829+00:00", "level": "ERROR", "action": "authorization_denied", "target": "internal.example.com", "details": {"action": "scan"}}
{"timestamp": "2026-03-18T05:05:03.918752+00:00", "level": "ERROR", "action": "authorization_denied", "target": "evil.com", "details": {"action": "scan"}}
{"timestamp": "2026-03-18T05:05:03.977297+00:00", "level": "INFO", "action": "authorization_bypass", "target": "example.com", "details": {"action": "vulnerability_scan", "reason": "authorization_disabled"}}
{"timestamp": "2026-03-18T05:05:03.978252+00:00", "level": "INFO", "action": "scan_start", "target": "example.com", "details": {"scan_type": "vuln_scan"}}
{"timestamp": "2026-03-18T05:05:03.982027+00:00", "level": "INFO", "action": "scan_end", "target": "example.com", "details": {"scan_type": "vuln_scan", "findings": 0}}
{"timestamp": "2026-03-18T05:05:03.999113+00:00", "level": "INFO", "action": "authorization_bypass", "target": "example.com", "details": {"action": "vulnerability_scan", "reason": "authorization_disabled"}}
{"timestamp": "2026-03-18T05:05:03.999446+00:00", "level": "INFO", "action": "scan_start", "target": "example.com", "details": {"scan_type": "vuln_scan"}}
{"timestamp": "2026-03-18T05:05:04.001379+00:00", "level": "INFO", "action": "scan_end", "target": "example.com", "details": {"scan_type": "vuln_scan", "findings": 0}}
{"timestamp": "2026-03-18T05:05:04.043573+00:00", "level": "INFO", "action": "authorization_bypass", "target": "example.com", "details": {"action": "vulnerability_scan", "reason": "authorization_disabled"}}
{"timestamp": "2026-03-18T05:05:04.043929+00:00", "level": "INFO", "action": "scan_start", "target": "example.com", "details": {"scan_type": "vuln_scan"}}
{"timestamp": "2026-03-18T05:05:04.048431+00:00", "level": "INFO", "action": "scan_end", "target": "example.com", "details": {"scan_type": "vuln_scan", "findings": 0}}
{"timestamp": "2026-03-18T05:05:04.712898+00:00", "level": "INFO", "action": "http_request", "target": "https://example.com/timeout", "details": {"method": "GET", "status_code": 0}}
{"timestamp": "2026-03-18T05:53:05.521547+00:00", "level": "INFO", "action": "authorization_bypass", "target": "anything.com", "details": {"action": "scan", "reason": "authorization_disabled"}}
{"timestamp": "2026-03-18T05:53:05.535663+00:00", "level": "INFO", "action": "authorization_granted", "target": "example.com", "details": {"action": "scan"}}
{"timestamp": "2026-03-18T05:53:05.548301+00:00", "level": "INFO", "action": "authorization_granted", "target": "sub.example.com", "details": {"action": "scan"}}
{"timestamp": "2026-03-18T05:53:05.562752+00:00", "level": "ERROR", "action": "authorization_denied", "target": "internal.example.com", "details": {"action": "scan"}}
{"timestamp": "2026-03-18T05:53:05.573080+00:00", "level": "ERROR", "action": "authorization_denied", "target": "evil.com", "details": {"action": "scan"}}
{"timestamp": "2026-03-18T05:53:05.639231+00:00", "level": "INFO", "action": "authorization_bypass", "target": "example.com", "details": {"action": "vulnerability_scan", "reason": "authorization_disabled"}}
{"timestamp": "2026-03-18T05:53:05.640120+00:00", "level": "INFO", "action": "scan_start", "target": "example.com", "details": {"scan_type": "vuln_scan"}}
{"timestamp": "2026-03-18T05:53:05.644058+00:00", "level": "INFO", "action": "scan_end", "target": "example.com", "details": {"scan_type": "vuln_scan", "findings": 0}}
{"timestamp": "2026-03-18T05:53:05.663683+00:00", "level": "INFO", "action": "authorization_bypass", "target": "example.com", "details": {"action": "vulnerability_scan", "reason": "authorization_disabled"}}
{"timestamp": "2026-03-18T05:53:05.664066+00:00", "level": "INFO", "action": "scan_start", "target": "example.com", "details": {"scan_type": "vuln_scan"}}
{"timestamp": "2026-03-18T05:53:05.665938+00:00", "level": "INFO", "action": "scan_end", "target": "example.com", "details": {"scan_type": "vuln_scan", "findings": 0}}
{"timestamp": "2026-03-18T05:53:05.714950+00:00", "level": "INFO", "action": "authorization_bypass", "target": "example.com", "details": {"action": "vulnerability_scan", "reason": "authorization_disabled"}}
{"timestamp": "2026-03-18T05:53:05.715337+00:00", "level": "INFO", "action": "scan_start", "target": "example.com", "details": {"scan_type": "vuln_scan"}}
{"timestamp": "2026-03-18T05:53:05.722130+00:00", "level": "INFO", "action": "scan_end", "target": "example.com", "details": {"scan_type": "vuln_scan", "findings": 0}}
{"timestamp": "2026-03-18T05:53:06.521500+00:00", "level": "INFO", "action": "http_request", "target": "https://example.com/timeout", "details": {"method": "GET", "status_code": 0}}
{"timestamp": "2026-03-18T05:53:17.784801+00:00", "level": "INFO", "action": "authorization_bypass", "target": "anything.com", "details": {"action": "scan", "reason": "authorization_disabled"}}
{"timestamp": "2026-03-18T05:53:17.798345+00:00", "level": "INFO", "action": "authorization_granted", "target": "example.com", "details": {"action": "scan"}}
{"timestamp": "2026-03-18T05:53:17.810545+00:00", "level": "INFO", "action": "authorization_granted", "target": "sub.example.com", "details": {"action": "scan"}}
{"timestamp": "2026-03-18T05:53:17.821975+00:00", "level": "ERROR", "action": "authorization_denied", "target": "internal.example.com", "details": {"action": "scan"}}
{"timestamp": "2026-03-18T05:53:17.830846+00:00", "level": "ERROR", "action": "authorization_denied", "target": "evil.com", "details": {"action": "scan"}}
{"timestamp": "2026-03-18T05:53:17.889622+00:00", "level": "INFO", "action": "authorization_bypass", "target": "example.com", "details": {"action": "vulnerability_scan", "reason": "authorization_disabled"}}
{"timestamp": "2026-03-18T05:53:17.890051+00:00", "level": "INFO", "action": "scan_start", "target": "example.com", "details": {"scan_type": "vuln_scan"}}
{"timestamp": "2026-03-18T05:53:17.893669+00:00", "level": "INFO", "action": "scan_end", "target": "example.com", "details": {"scan_type": "vuln_scan", "findings": 0}}
{"timestamp": "2026-03-18T05:53:17.910498+00:00", "level": "INFO", "action": "authorization_bypass", "target": "example.com", "details": {"action": "vulnerability_scan", "reason": "authorization_disabled"}}
{"timestamp": "2026-03-18T05:53:17.910838+00:00", "level": "INFO", "action": "scan_start", "target": "example.com", "details": {"scan_type": "vuln_scan"}}
{"timestamp": "2026-03-18T05:53:17.912630+00:00", "level": "INFO", "action": "scan_end", "target": "example.com", "details": {"scan_type": "vuln_scan", "findings": 0}}
{"timestamp": "2026-03-18T05:53:17.955098+00:00", "level": "INFO", "action": "authorization_bypass", "target": "example.com", "details": {"action": "vulnerability_scan", "reason": "authorization_disabled"}}
{"timestamp": "2026-03-18T05:53:17.955509+00:00", "level": "INFO", "action": "scan_start", "target": "example.com", "details": {"scan_type": "vuln_scan"}}
{"timestamp": "2026-03-18T05:53:17.960256+00:00", "level": "INFO", "action": "scan_end", "target": "example.com", "details": {"scan_type": "vuln_scan", "findings": 0}}
{"timestamp": "2026-03-18T05:53:18.625173+00:00", "level": "INFO", "action": "http_request", "target": "https://example.com/timeout", "details": {"method": "GET", "status_code": 0}}
{"timestamp": "2026-03-18T05:55:01.197881+00:00", "level": "INFO", "action": "authorization_bypass", "target": "anything.com", "details": {"action": "scan", "reason": "authorization_disabled"}}
{"timestamp": "2026-03-18T05:55:01.212316+00:00", "level": "INFO", "action": "authorization_granted", "target": "example.com", "details": {"action": "scan"}}
{"timestamp": "2026-03-18T05:55:01.224690+00:00", "level": "INFO", "action": "authorization_granted", "target": "sub.example.com", "details": {"action": "scan"}}
{"timestamp": "2026-03-18T05:55:01.235243+00:00", "level": "ERROR", "action": "authorization_denied", "target": "internal.example.com", "details": {"action": "scan"}}
{"timestamp": "2026-03-18T05:55:01.245789+00:00", "level": "ERROR", "action": "authorization_denied", "target": "evil.com", "details": {"action": "scan"}}
{"timestamp": "2026-03-18T05:55:01.308259+00:00", "level": "INFO", "action": "authorization_bypass", "target": "example.com", "details": {"action": "vulnerability_scan", "reason": "authorization_disabled"}}
{"timestamp": "2026-03-18T05:55:01.308736+00:00", "level": "INFO", "action": "scan_start", "target": "example.com", "details": {"scan_type": "vuln_scan"}}
{"timestamp": "2026-03-18T05:55:01.312288+00:00", "level": "INFO", "action": "scan_end", "target": "example.com", "details": {"scan_type": "vuln_scan", "findings": 0}}
{"timestamp": "2026-03-18T05:55:01.329586+00:00", "level": "INFO", "action": "authorization_bypass", "target": "example.com", "details": {"action": "vulnerability_scan", "reason": "authorization_disabled"}}
{"timestamp": "2026-03-18T05:55:01.329915+00:00", "level": "INFO", "action": "scan_start", "target": "example.com", "details": {"scan_type": "vuln_scan"}}
{"timestamp": "2026-03-18T05:55:01.331689+00:00", "level": "INFO", "action": "scan_end", "target": "example.com", "details": {"scan_type": "vuln_scan", "findings": 0}}
{"timestamp": "2026-03-18T05:55:01.375935+00:00", "level": "INFO", "action": "authorization_bypass", "target": "example.com", "details": {"action": "vulnerability_scan", "reason": "authorization_disabled"}}
{"timestamp": "2026-03-18T05:55:01.376259+00:00", "level": "INFO", "action": "scan_start", "target": "example.com", "details": {"scan_type": "vuln_scan"}}
{"timestamp": "2026-03-18T05:55:01.380780+00:00", "level": "INFO", "action": "scan_end", "target": "example.com", "details": {"scan_type": "vuln_scan", "findings": 0}}
{"timestamp": "2026-03-18T05:55:02.173610+00:00", "level": "INFO", "action": "http_request", "target": "https://example.com/timeout", "details": {"method": "GET", "status_code": 0}}
{"timestamp": "2026-03-18T06:39:05.185967+00:00", "level": "INFO", "action": "authorization_bypass", "target": "anything.com", "details": {"action": "scan", "reason": "authorization_disabled"}}
{"timestamp": "2026-03-18T06:39:05.199183+00:00", "level": "INFO", "action": "authorization_granted", "target": "example.com", "details": {"action": "scan"}}
{"timestamp": "2026-03-18T06:39:05.211177+00:00", "level": "INFO", "action": "authorization_granted", "target": "sub.example.com", "details": {"action": "scan"}}
{"timestamp": "2026-03-18T06:39:05.221926+00:00", "level": "ERROR", "action": "authorization_denied", "target": "internal.example.com", "details": {"action": "scan"}}
{"timestamp": "2026-03-18T06:39:05.231138+00:00", "level": "ERROR", "action": "authorization_denied", "target": "evil.com", "details": {"action": "scan"}}
{"timestamp": "2026-03-18T06:39:05.288702+00:00", "level": "INFO", "action": "authorization_bypass", "target": "example.com", "details": {"action": "vulnerability_scan", "reason": "authorization_disabled"}}
{"timestamp": "2026-03-18T06:39:05.289055+00:00", "level": "INFO", "action": "scan_start", "target": "example.com", "details": {"scan_type": "vuln_scan"}}
{"timestamp": "2026-03-18T06:39:05.292708+00:00", "level": "INFO", "action": "scan_end", "target": "example.com", "details": {"scan_type": "vuln_scan", "findings": 0}}
{"timestamp": "2026-03-18T06:39:05.309118+00:00", "level": "INFO", "action": "authorization_bypass", "target": "example.com", "details": {"action": "vulnerability_scan", "reason": "authorization_disabled"}}
{"timestamp": "2026-03-18T06:39:05.309520+00:00", "level": "INFO", "action": "scan_start", "target": "example.com", "details": {"scan_type": "vuln_scan"}}
{"timestamp": "2026-03-18T06:39:05.311607+00:00", "level": "INFO", "action": "scan_end", "target": "example.com", "details": {"scan_type": "vuln_scan", "findings": 0}}
{"timestamp": "2026-03-18T06:39:05.351532+00:00", "level": "INFO", "action": "authorization_bypass", "target": "example.com", "details": {"action": "vulnerability_scan", "reason": "authorization_disabled"}}
{"timestamp": "2026-03-18T06:39:05.351875+00:00", "level": "INFO", "action": "scan_start", "target": "example.com", "details": {"scan_type": "vuln_scan"}}
{"timestamp": "2026-03-18T06:39:05.356487+00:00", "level": "INFO", "action": "scan_end", "target": "example.com", "details": {"scan_type": "vuln_scan", "findings": 0}}
{"timestamp": "2026-03-18T06:39:06.243501+00:00", "level": "INFO", "action": "http_request", "target": "https://example.com/timeout", "details": {"method": "GET", "status_code": 0}}
